Enter the fraction number:
14
56
501
51
Sum of 2 fractions is 685/68 
 gdb a.out
GNU gdb (Ubuntu 8.1.1-0ubuntu1) 8.1.1
Copyright (C) 2018 Free Software Foundation, Inc.
License GPLv3+: GNU GPL version 3 or later <http://gnu.org/licenses/gpl.html>
This is free software: you are free to change and redistribute it.
There is NO WARRANTY, to the extent permitted by law.  Type "show copying"
and "show warranty" for details.
This GDB was configured as "x86_64-linux-gnu".
Type "show configuration" for configuration details.
For bug reporting instructions, please see:
<http://www.gnu.org/software/gdb/bugs/>.
Find the GDB manual and other documentation resources online at:
<http://www.gnu.org/software/gdb/documentation/>.
For help, type "help".
Type "apropos word" to search for commands related to "word"...
Reading symbols from a.out...done.
(gdb) b main
Breakpoint 1 at 0x83d: file p1original.c, line 26.
(gdb) r
Starting program: /home/runner/Test3Session1/a.out 
warning: Error disabling address space randomization: Operation not permitted

Breakpoint 1, main () at p1original.c:26
26  {
(gdb) n
28    input(&num1, &den1, &num2, &den2);
(gdb) n
Enter the fraction number:n
29    add(num1, den1, num2, den2, &num3, &den3);
(gdb) n
n
n
30    output(num3,den3);
(gdb) n
31    return 0;
(gdb) n