
 gdb a.out
GNU gdb (Ubuntu 8.1.1-0ubuntu1) 8.1.1
Copyright (C) 2018 Free Software Foundation, Inc.
License GPLv3+: GNU GPL version 3 or later <http://gnu.org/licenses/gpl.html>
This is free software: you are free to change and redistribute it.
There is NO WARRANTY, to the extent permitted by law.  Type "show copying"
and "show warranty" for details.
This GDB was configured as "x86_64-linux-gnu".
Type "show configuration" for configuration details.
For bug reporting instructions, please see:
<http://www.gnu.org/software/gdb/bugs/>.
Find the GDB manual and other documentation resources online at:
<http://www.gnu.org/software/gdb/documentation/>.
For help, type "help".
Type "apropos word" to search for commands related to "word"...
Reading symbols from a.out...done.
(gdb) b main
Breakpoint 1 at 0x8a1: file p2original.c, line 40.
(gdb) r
Starting program: /home/runner/Test3Session1/a.out 
warning: Error disabling address space randomization: Operation not permitted

Breakpoint 1, main () at p2original.c:40
40    a=input_fraction();
(gdb) s
input_fraction () at p2original.c:10
10  {
(gdb) n
12    printf("enter the fraction\n");
(gdb) n
enter the fraction
13    scanf("%d%d",&a.num,&a.den);
(gdb) n
n
14    return a;
(gdb) n
15  }
(gdb) n
main () at p2original.c:41
41    b=input_fraction();
(gdb) s
input_fraction () at p2original.c:10
10  {
(gdb) n
12    printf("enter the fraction\n");
(gdb) n
enter the fraction
13    scanf("%d%d",&a.num,&a.den);
(gdb) n
14    return a;
(gdb) n
15  }
(gdb) n
main () at p2original.c:42
42    c=input_fraction();
(gdb) s
input_fraction () at p2original.c:10
10  {
(gdb) n
 run
sh: 1: run: not found
exit status 127
 gcc -g p3original.c
 ./a.out
Enter a number n
12
Enter a number r
3 
Value of 12C3 = 220
 gdb a.out
GNU gdb (Ubuntu 8.1.1-0ubuntu1) 8.1.1
Copyright (C) 2018 Free Software Foundation, Inc.
License GPLv3+: GNU GPL version 3 or later <http://gnu.org/licenses/gpl.html>
This is free software: you are free to change and redistribute it.
There is NO WARRANTY, to the extent permitted by law.  Type "show copying"
and "show warranty" for details.
This GDB was configured as "x86_64-linux-gnu".
Type "show configuration" for configuration details.
For bug reporting instructions, please see:
<http://www.gnu.org/software/gdb/bugs/>.
Find the GDB manual and other documentation resources online at:
 run
sh: 1: run: not found
exit status 127
 gdb a.out
GNU gdb (Ubuntu 8.1.1-0ubuntu1) 8.1.1
Copyright (C) 2018 Free Software Foundation, Inc.
License GPLv3+: GNU GPL version 3 or later <http://gnu.org/licenses/gpl.html>
This is free software: you are free to change and redistribute it.
There is NO WARRANTY, to the extent permitted by law.  Type "show copying"
and "show warranty" for details.
This GDB was configured as "x86_64-linux-gnu".
Type "show configuration" for configuration details.
For bug reporting instructions, please see:
<http://www.gnu.org/software/gdb/bugs/>.
Find the GDB manual and other documentation resources online at:
<http://www.gnu.org/software/gdb/documentation/>.
For help, type "help".
Type "apropos word" to search for commands related to "word"...
Reading symbols from a.out...done.
(gdb) b main
Breakpoint 1 at 0x882: file p3original.c, line 29.
(gdb) r
Starting program: /home/runner/Test3Session1/a.out 
warning: Error disabling address space randomization: Operation not permitted

Breakpoint 1, main () at p3original.c:29
29  {
(gdb) n
31    input(&n,&r);
(gdb) n
Enter a number n
n
Enter a number r
32    x=ncr(n,r);
(gdb) n
n